########## CP2-alpha-to-ub24  user=cpalpha archive=cpalpha.2026-08-20_10-56-08.tar consent=all,php-fallback  host=twentyfour.serverxi.de
RESTORE_RC=12
-- ARCHIVE --
   zstd compressed
   objects: 3 web, 2 mail, 2 database, 16 home entries, cron yes
   origin: not stated - recognised by its contents
-- WHAT THIS HOST CANNOT RESTORE --
   3 DNS zone(s), which this host does not serve at all (#58) - the records are in
   the archive and stay there, nothing here reads them:
      alpha-nomail.test
      alpha-one.test
      alpha-zone2.test
   custom web template(s) for 3 domain(s) - this host renders from its own set
   database alpha_pg, a pgsql dump, and this host runs mysql
-- WHAT WILL BE REWRITTEN --
   web model unknown (archive predates it) - review the restored vhosts by hand
-- USER --
2026-08-20 10:57:21 cpalpha

-- LEFTOVERS --
2026-08-20 10:57:24 3 DNS zone(s), records and zone files
2026-08-20 10:57:24 custom web template(s) for 3 domain(s)
2026-08-20 10:57:24 database alpha_pg, a pgsql dump this host cannot load
2026-08-20 10:57:24 -> /home/cpalpha/leftovers/2026-08-20_10-57-24

-- WEB --
Warning!: backup web model unknown (pre-#120 archive); review the restored web configs manually.
2026-08-20 10:57:24 alpha-two.test
2026-08-20 10:57:26 alpha-one.test
2026-08-20 10:57:30 alpha-three.test

-- MAIL --
2026-08-20 10:57:32 alpha-two.test
2026-08-20 10:57:34 alpha-one.test

-- DB --
2026-08-20 10:57:36 alpha_pg
Warning!: alpha_pg skipped - this host does not run pgsql
2026-08-20 10:57:36 alpha_shop
                                                                               /backup/tmp.dmeR2VkYoR/db/alpha_shop/alpha_shop.mysql.sql.zst: 3008 bytes 

-- CRON --
2026-08-20 10:57:37 2 cron jobs

-- USER FILES --
2026-08-20 10:57:37 .bash_logout
2026-08-20 10:57:37 .bashrc
2026-08-20 10:57:37 .cache
2026-08-20 10:57:37 .cloud-locale-test.skip
2026-08-20 10:57:38 .composer
2026-08-20 10:57:38 .config
2026-08-20 10:57:38 .hidden-cfg
2026-08-20 10:57:38 .local
2026-08-20 10:57:38 .npm
2026-08-20 10:57:38 .profile
2026-08-20 10:57:38 .ssh
2026-08-20 10:57:38 .vscode-server
2026-08-20 10:57:38 .wp-cli
2026-08-20 10:57:38 archive.old
2026-08-20 10:57:38 my documents
2026-08-20 10:57:38 readme.first.txt
The following parts did not come back:
  database alpha_pg (this host does not run pgsql)
Error: restore of cpalpha finished with failures:
  database alpha_pg (this host does not run pgsql)
----- leftovers
/home/cpalpha/leftovers:
2026-08-20_10-57-24

/home/cpalpha/leftovers/2026-08-20_10-57-24:
db
dns
loss-report.txt
web

/home/cpalpha/leftovers/2026-08-20_10-57-24/db:
alpha_pg

/home/cpalpha/leftovers/2026-08-20_10-57-24/db/alpha_pg:
alpha_pg.pgsql.sql.zst
conf
hestia

/home/cpalpha/leftovers/2026-08-20_10-57-24/db/alpha_pg/conf:
alpha_pg.pgsql.alpha_dbpg

########## END CP2-alpha-to-ub24
